// Jest Snapshot v1, https://goo.gl/fbAQLP

exports[`tests for LoadingScreen component renders correctly 1`] = `null`;
