// Jest Snapshot v1, https://goo.gl/fbAQLP

exports[`screen template tests renders correctly 1`] = `
<View
  style={
    Array [
      Object {
        "backgroundColor": "#F2F2F2",
      },
      undefined,
    ]
  }
  testID="view-screen"
/>
`;
